[2026-07-21 11:20:17Z INFO HostContext] No proxy settings were found based on environmental variables (http_proxy/https_proxy/HTTP_PROXY/HTTPS_PROXY)
[2026-07-21 11:20:17Z INFO HostContext] Well known directory 'Bin': 'E:\starwords\actions-runner\bin'
[2026-07-21 11:20:17Z INFO HostContext] Well known directory 'Root': 'E:\starwords\actions-runner'
[2026-07-21 11:20:17Z INFO HostContext] Well known config file 'Credentials': 'E:\starwords\actions-runner\.credentials'
[2026-07-21 11:20:17Z INFO HostContext] Well known directory 'Bin': 'E:\starwords\actions-runner\bin'
[2026-07-21 11:20:17Z INFO HostContext] Well known directory 'Root': 'E:\starwords\actions-runner'
[2026-07-21 11:20:17Z INFO HostContext] Well known config file 'Runner': 'E:\starwords\actions-runner\.runner'
[2026-07-21 11:20:17Z INFO Listener] Runner is built for Windows (X64) - win-x64.
[2026-07-21 11:20:17Z INFO Listener] RuntimeInformation: Microsoft Windows 10.0.20348.
[2026-07-21 11:20:17Z INFO Listener] Version: 2.335.1
[2026-07-21 11:20:17Z INFO Listener] Commit: 7d737449ef346f6524f75688d0c9c95fa10ba10a
[2026-07-21 11:20:17Z INFO Listener] Culture: en-US
[2026-07-21 11:20:17Z INFO Listener] UI Culture: en-US
[2026-07-21 11:20:17Z INFO HostContext] Well known directory 'Bin': 'E:\starwords\actions-runner\bin'
[2026-07-21 11:20:17Z INFO HostContext] Well known directory 'Root': 'E:\starwords\actions-runner'
[2026-07-21 11:20:17Z INFO Listener] Validating directory permissions for: 'E:\starwords\actions-runner'
[2026-07-21 11:20:17Z INFO CommandLineParser] Parse
[2026-07-21 11:20:17Z INFO CommandLineParser] Parsing 1 args
[2026-07-21 11:20:17Z INFO CommandLineParser] parsing argument
[2026-07-21 11:20:17Z INFO CommandLineParser] HasArgs: False
[2026-07-21 11:20:17Z INFO CommandLineParser] Adding Command: run
[2026-07-21 11:20:17Z INFO Listener] Arguments parsed
[2026-07-21 11:20:17Z INFO Runner] ExecuteCommand
[2026-07-21 11:20:17Z INFO ConfigurationStore] currentAssemblyLocation: E:\starwords\actions-runner\bin\Runner.Listener.dll
[2026-07-21 11:20:17Z INFO HostContext] Well known directory 'Bin': 'E:\starwords\actions-runner\bin'
[2026-07-21 11:20:17Z INFO ConfigurationStore] binPath: E:\starwords\actions-runner\bin
[2026-07-21 11:20:17Z INFO HostContext] Well known directory 'Bin': 'E:\starwords\actions-runner\bin'
[2026-07-21 11:20:17Z INFO HostContext] Well known directory 'Root': 'E:\starwords\actions-runner'
[2026-07-21 11:20:17Z INFO ConfigurationStore] RootFolder: E:\starwords\actions-runner
[2026-07-21 11:20:17Z INFO HostContext] Well known directory 'Bin': 'E:\starwords\actions-runner\bin'
[2026-07-21 11:20:17Z INFO HostContext] Well known directory 'Root': 'E:\starwords\actions-runner'
[2026-07-21 11:20:17Z INFO HostContext] Well known config file 'Runner': 'E:\starwords\actions-runner\.runner'
[2026-07-21 11:20:17Z INFO ConfigurationStore] ConfigFilePath: E:\starwords\actions-runner\.runner
[2026-07-21 11:20:17Z INFO HostContext] Well known directory 'Bin': 'E:\starwords\actions-runner\bin'
[2026-07-21 11:20:17Z INFO HostContext] Well known directory 'Root': 'E:\starwords\actions-runner'
[2026-07-21 11:20:17Z INFO HostContext] Well known config file 'MigratedRunner': 'E:\starwords\actions-runner\.runner_migrated'
[2026-07-21 11:20:17Z INFO ConfigurationStore] MigratedConfigFilePath: E:\starwords\actions-runner\.runner_migrated
[2026-07-21 11:20:17Z INFO HostContext] Well known directory 'Bin': 'E:\starwords\actions-runner\bin'
[2026-07-21 11:20:17Z INFO HostContext] Well known directory 'Root': 'E:\starwords\actions-runner'
[2026-07-21 11:20:17Z INFO HostContext] Well known config file 'Credentials': 'E:\starwords\actions-runner\.credentials'
[2026-07-21 11:20:17Z INFO ConfigurationStore] CredFilePath: E:\starwords\actions-runner\.credentials
[2026-07-21 11:20:17Z INFO HostContext] Well known directory 'Bin': 'E:\starwords\actions-runner\bin'
[2026-07-21 11:20:17Z INFO HostContext] Well known directory 'Root': 'E:\starwords\actions-runner'
[2026-07-21 11:20:17Z INFO HostContext] Well known config file 'MigratedCredentials': 'E:\starwords\actions-runner\.credentials_migrated'
[2026-07-21 11:20:17Z INFO ConfigurationStore] MigratedCredFilePath: E:\starwords\actions-runner\.credentials_migrated
[2026-07-21 11:20:17Z INFO HostContext] Well known directory 'Bin': 'E:\starwords\actions-runner\bin'
[2026-07-21 11:20:17Z INFO HostContext] Well known directory 'Root': 'E:\starwords\actions-runner'
[2026-07-21 11:20:17Z INFO HostContext] Well known config file 'Service': 'E:\starwords\actions-runner\.service'
[2026-07-21 11:20:17Z INFO ConfigurationStore] ServiceConfigFilePath: E:\starwords\actions-runner\.service
[2026-07-21 11:20:17Z INFO CommandSettings] Flag 'help': 'False'
[2026-07-21 11:20:17Z INFO CommandSettings] Flag 'version': 'False'
[2026-07-21 11:20:17Z INFO CommandSettings] Flag 'commit': 'False'
[2026-07-21 11:20:17Z INFO CommandSettings] Flag 'check': 'False'
[2026-07-21 11:20:17Z INFO CommandSettings] Command 'configure': 'False'
[2026-07-21 11:20:17Z INFO CommandSettings] Command 'remove': 'False'
[2026-07-21 11:20:17Z INFO CommandSettings] Command 'warmup': 'False'
[2026-07-21 11:20:17Z INFO ConfigurationManager] LoadSettings
[2026-07-21 11:20:17Z INFO ConfigurationStore] IsConfigured()
[2026-07-21 11:20:17Z INFO ConfigurationStore] IsConfigured: False
[2026-07-21 11:20:17Z INFO ConfigurationManager] Is configured: False
[2026-07-21 11:20:17Z ERR  Terminal] WRITE ERROR: An error occurred: Not configured. Run config.(sh/cmd) to configure the runner.
[2026-07-21 11:20:17Z ERR  Listener] GitHub.Runner.Common.NonRetryableException: Not configured. Run config.(sh/cmd) to configure the runner.
   at GitHub.Runner.Listener.Configuration.ConfigurationManager.LoadSettings()
   at GitHub.Runner.Listener.Runner.ExecuteCommand(CommandSettings command)
   at GitHub.Runner.Listener.Program.MainAsync(IHostContext context, String[] args)
