[2026-07-21 11:23:37Z INFO HostContext] No proxy settings were found based on environmental variables (http_proxy/https_proxy/HTTP_PROXY/HTTPS_PROXY)
[2026-07-21 11:23:37Z INFO HostContext] Well known directory 'Bin': 'E:\starwords\actions-runner\bin'
[2026-07-21 11:23:37Z INFO HostContext] Well known directory 'Root': 'E:\starwords\actions-runner'
[2026-07-21 11:23:37Z INFO HostContext] Well known config file 'Credentials': 'E:\starwords\actions-runner\.credentials'
[2026-07-21 11:23:37Z INFO HostContext] Well known directory 'Bin': 'E:\starwords\actions-runner\bin'
[2026-07-21 11:23:37Z INFO HostContext] Well known directory 'Root': 'E:\starwords\actions-runner'
[2026-07-21 11:23:37Z INFO HostContext] Well known config file 'Runner': 'E:\starwords\actions-runner\.runner'
[2026-07-21 11:23:37Z INFO Listener] Runner is built for Windows (X64) - win-x64.
[2026-07-21 11:23:37Z INFO Listener] RuntimeInformation: Microsoft Windows 10.0.20348.
[2026-07-21 11:23:37Z INFO Listener] Version: 2.335.1
[2026-07-21 11:23:37Z INFO Listener] Commit: 7d737449ef346f6524f75688d0c9c95fa10ba10a
[2026-07-21 11:23:37Z INFO Listener] Culture: en-US
[2026-07-21 11:23:37Z INFO Listener] UI Culture: en-US
[2026-07-21 11:23:37Z INFO HostContext] Well known directory 'Bin': 'E:\starwords\actions-runner\bin'
[2026-07-21 11:23:37Z INFO HostContext] Well known directory 'Root': 'E:\starwords\actions-runner'
[2026-07-21 11:23:37Z INFO Listener] Validating directory permissions for: 'E:\starwords\actions-runner'
[2026-07-21 11:23:37Z INFO CommandLineParser] Parse
[2026-07-21 11:23:37Z INFO CommandLineParser] Parsing 5 args
[2026-07-21 11:23:37Z INFO CommandLineParser] parsing argument
[2026-07-21 11:23:37Z INFO CommandLineParser] HasArgs: False
[2026-07-21 11:23:37Z INFO CommandLineParser] Adding Command: configure
[2026-07-21 11:23:37Z INFO CommandLineParser] parsing argument
[2026-07-21 11:23:37Z INFO CommandLineParser] HasArgs: True
[2026-07-21 11:23:37Z INFO CommandLineParser] arg: url
[2026-07-21 11:23:37Z INFO CommandLineParser] parsing argument
[2026-07-21 11:23:37Z INFO CommandLineParser] HasArgs: True
[2026-07-21 11:23:37Z INFO CommandLineParser] Adding option 'url': 'https://github.com/lkwon01/starwords'
[2026-07-21 11:23:37Z INFO CommandLineParser] parsing argument
[2026-07-21 11:23:37Z INFO CommandLineParser] HasArgs: True
[2026-07-21 11:23:37Z INFO CommandLineParser] arg: token
[2026-07-21 11:23:37Z INFO CommandLineParser] parsing argument
[2026-07-21 11:23:37Z INFO CommandLineParser] HasArgs: True
[2026-07-21 11:23:37Z INFO CommandLineParser] Adding option 'token': '***'
[2026-07-21 11:23:37Z INFO Listener] Arguments parsed
[2026-07-21 11:23:37Z INFO Runner] ExecuteCommand
[2026-07-21 11:23:37Z INFO ConfigurationStore] currentAssemblyLocation: E:\starwords\actions-runner\bin\Runner.Listener.dll
[2026-07-21 11:23:37Z INFO HostContext] Well known directory 'Bin': 'E:\starwords\actions-runner\bin'
[2026-07-21 11:23:37Z INFO ConfigurationStore] binPath: E:\starwords\actions-runner\bin
[2026-07-21 11:23:37Z INFO HostContext] Well known directory 'Bin': 'E:\starwords\actions-runner\bin'
[2026-07-21 11:23:37Z INFO HostContext] Well known directory 'Root': 'E:\starwords\actions-runner'
[2026-07-21 11:23:37Z INFO ConfigurationStore] RootFolder: E:\starwords\actions-runner
[2026-07-21 11:23:37Z INFO HostContext] Well known directory 'Bin': 'E:\starwords\actions-runner\bin'
[2026-07-21 11:23:37Z INFO HostContext] Well known directory 'Root': 'E:\starwords\actions-runner'
[2026-07-21 11:23:37Z INFO HostContext] Well known config file 'Runner': 'E:\starwords\actions-runner\.runner'
[2026-07-21 11:23:37Z INFO ConfigurationStore] ConfigFilePath: E:\starwords\actions-runner\.runner
[2026-07-21 11:23:37Z INFO HostContext] Well known directory 'Bin': 'E:\starwords\actions-runner\bin'
[2026-07-21 11:23:37Z INFO HostContext] Well known directory 'Root': 'E:\starwords\actions-runner'
[2026-07-21 11:23:37Z INFO HostContext] Well known config file 'MigratedRunner': 'E:\starwords\actions-runner\.runner_migrated'
[2026-07-21 11:23:37Z INFO ConfigurationStore] MigratedConfigFilePath: E:\starwords\actions-runner\.runner_migrated
[2026-07-21 11:23:37Z INFO HostContext] Well known directory 'Bin': 'E:\starwords\actions-runner\bin'
[2026-07-21 11:23:37Z INFO HostContext] Well known directory 'Root': 'E:\starwords\actions-runner'
[2026-07-21 11:23:37Z INFO HostContext] Well known config file 'Credentials': 'E:\starwords\actions-runner\.credentials'
[2026-07-21 11:23:37Z INFO ConfigurationStore] CredFilePath: E:\starwords\actions-runner\.credentials
[2026-07-21 11:23:37Z INFO HostContext] Well known directory 'Bin': 'E:\starwords\actions-runner\bin'
[2026-07-21 11:23:37Z INFO HostContext] Well known directory 'Root': 'E:\starwords\actions-runner'
[2026-07-21 11:23:37Z INFO HostContext] Well known config file 'MigratedCredentials': 'E:\starwords\actions-runner\.credentials_migrated'
[2026-07-21 11:23:37Z INFO ConfigurationStore] MigratedCredFilePath: E:\starwords\actions-runner\.credentials_migrated
[2026-07-21 11:23:37Z INFO HostContext] Well known directory 'Bin': 'E:\starwords\actions-runner\bin'
[2026-07-21 11:23:37Z INFO HostContext] Well known directory 'Root': 'E:\starwords\actions-runner'
[2026-07-21 11:23:37Z INFO HostContext] Well known config file 'Service': 'E:\starwords\actions-runner\.service'
[2026-07-21 11:23:37Z INFO ConfigurationStore] ServiceConfigFilePath: E:\starwords\actions-runner\.service
[2026-07-21 11:23:37Z INFO CommandSettings] Flag 'help': 'False'
[2026-07-21 11:23:37Z INFO CommandSettings] Flag 'version': 'False'
[2026-07-21 11:23:37Z INFO CommandSettings] Flag 'commit': 'False'
[2026-07-21 11:23:37Z INFO CommandSettings] Flag 'check': 'False'
[2026-07-21 11:23:37Z INFO CommandSettings] Command 'configure': 'True'
[2026-07-21 11:23:37Z INFO Terminal] WRITE LINE: 
[2026-07-21 11:23:37Z INFO Terminal] WRITE LINE: --------------------------------------------------------------------------------
[2026-07-21 11:23:37Z INFO Terminal] WRITE LINE: |        ____ _ _   _   _       _          _        _   _                      |
[2026-07-21 11:23:37Z INFO Terminal] WRITE LINE: |       / ___(_) |_| | | |_   _| |__      / \   ___| |_(_) ___  _ __  ___      |
[2026-07-21 11:23:37Z INFO Terminal] WRITE LINE: |      | |  _| | __| |_| | | | | '_ \    / _ \ / __| __| |/ _ \| '_ \/ __|     |
[2026-07-21 11:23:37Z INFO Terminal] WRITE LINE: |      | |_| | | |_|  _  | |_| | |_) |  / ___ \ (__| |_| | (_) | | | \__ \     |
[2026-07-21 11:23:37Z INFO Terminal] WRITE LINE: |       \____|_|\__|_| |_|\__,_|_.__/  /_/   \_\___|\__|_|\___/|_| |_|___/     |
[2026-07-21 11:23:37Z INFO Terminal] WRITE LINE: |                                                                              |
[2026-07-21 11:23:37Z INFO Terminal] WRITE: |                       
[2026-07-21 11:23:37Z INFO Terminal] WRITE: Self-hosted runner registration
[2026-07-21 11:23:37Z INFO Terminal] WRITE LINE:                         |
[2026-07-21 11:23:37Z INFO Terminal] WRITE LINE: |                                                                              |
[2026-07-21 11:23:37Z INFO Terminal] WRITE LINE: --------------------------------------------------------------------------------
[2026-07-21 11:23:37Z INFO ConfigurationManager] ConfigureAsync
[2026-07-21 11:23:37Z INFO CommandSettings] Flag 'generateServiceConfig': 'False'
[2026-07-21 11:23:37Z INFO ConfigurationStore] IsConfigured()
[2026-07-21 11:23:37Z INFO ConfigurationStore] IsConfigured: False
[2026-07-21 11:23:37Z INFO ConfigurationManager] Is configured: False
[2026-07-21 11:23:37Z INFO CommandSettings] Arg 'url': 'https://github.com/lkwon01/starwords'
[2026-07-21 11:23:37Z INFO CommandSettings] Remove url from Arg dictionary.
[2026-07-21 11:23:37Z INFO CommandSettings] Arg 'token': '***'
[2026-07-21 11:23:37Z INFO CommandSettings] Remove token from Arg dictionary.
[2026-07-21 11:23:38Z INFO ConfigurationManager] Http response code: OK from 'POST https://api.github.com/actions/runner-registration' (C0F0:36D739:3DF1C86:D6EC841:6A5F56BA)
[2026-07-21 11:23:38Z INFO ConfigurationManager] Using runner-admin flow: False
[2026-07-21 11:23:38Z INFO ConfigurationManager] cred retrieved via GitHub auth
[2026-07-21 11:23:38Z INFO RunnerServer] EstablishVssConnection
[2026-07-21 11:23:38Z INFO RunnerServer] Establish connection with 100 seconds timeout.
[2026-07-21 11:23:38Z INFO GitHubActionsService] Starting operation Location.GetConnectionData
[2026-07-21 11:23:38Z INFO RunnerServer] EstablishVssConnection
[2026-07-21 11:23:38Z INFO RunnerServer] Establish connection with 60 seconds timeout.
[2026-07-21 11:23:38Z INFO GitHubActionsService] Starting operation Location.GetConnectionData
[2026-07-21 11:23:38Z INFO RunnerServer] EstablishVssConnection
[2026-07-21 11:23:38Z INFO RunnerServer] Establish connection with 60 seconds timeout.
[2026-07-21 11:23:38Z INFO GitHubActionsService] Starting operation Location.GetConnectionData
[2026-07-21 11:23:38Z INFO GitHubActionsService] Finished operation Location.GetConnectionData
[2026-07-21 11:23:38Z INFO GitHubActionsService] Finished operation Location.GetConnectionData
[2026-07-21 11:23:38Z INFO GitHubActionsService] Finished operation Location.GetConnectionData
[2026-07-21 11:23:38Z INFO Terminal] WRITE LINE: 
[2026-07-21 11:23:39Z INFO ConfigurationManager] Test Connection complete.
[2026-07-21 11:23:39Z INFO HostContext] Well known directory 'Bin': 'E:\starwords\actions-runner\bin'
[2026-07-21 11:23:39Z INFO HostContext] Well known directory 'Root': 'E:\starwords\actions-runner'
[2026-07-21 11:23:39Z INFO HostContext] Well known config file 'RSACredentials': 'E:\starwords\actions-runner\.credentials_rsaparams'
[2026-07-21 11:23:39Z INFO RSAEncryptedFileKeyManager] Found existing RSA key parameters file E:\starwords\actions-runner\.credentials_rsaparams
[2026-07-21 11:23:39Z INFO CommandSettings] Arg 'runnergroup': ''
[2026-07-21 11:23:39Z INFO CommandSettings] Flag 'unattended': 'False'
[2026-07-21 11:23:39Z INFO PromptManager] ReadValue
[2026-07-21 11:23:39Z INFO Terminal] WRITE: Enter the name of the runner group to add this runner to: 
[2026-07-21 11:23:39Z INFO Terminal] WRITE: [press Enter for Default] 
[2026-07-21 11:23:39Z INFO Terminal] READ LINE
[2026-07-21 11:23:40Z INFO Terminal] Read value: ''
[2026-07-21 11:23:40Z INFO PromptManager] Falling back to the default: 'Default'
[2026-07-21 11:23:40Z INFO Terminal] WRITE LINE: 
[2026-07-21 11:23:40Z INFO ConfigurationManager] Found a self-hosted runner group with id 1 and name Default
[2026-07-21 11:23:40Z INFO CommandSettings] Flag 'disableupdate': 'False'
[2026-07-21 11:23:40Z INFO CommandSettings] Flag 'ephemeral': 'False'
[2026-07-21 11:23:40Z INFO CommandSettings] Arg 'name': ''
[2026-07-21 11:23:40Z INFO CommandSettings] Flag 'unattended': 'False'
[2026-07-21 11:23:40Z INFO PromptManager] ReadValue
[2026-07-21 11:23:40Z INFO Terminal] WRITE: Enter the name of runner: 
[2026-07-21 11:23:40Z INFO Terminal] WRITE: [press Enter for WIN-4VTE2F20LRM] 
[2026-07-21 11:23:40Z INFO Terminal] READ LINE
[2026-07-21 11:23:51Z INFO Terminal] Read value: 'starwords-vm-runner'
[2026-07-21 11:23:51Z INFO Terminal] WRITE LINE: 
[2026-07-21 11:23:51Z INFO CommandSettings] Arg 'labels': ''
[2026-07-21 11:23:51Z INFO CommandSettings] Flag 'unattended': 'False'
[2026-07-21 11:23:51Z INFO PromptManager] ReadValue
[2026-07-21 11:23:51Z INFO Terminal] WRITE: This runner will have the following labels: 'self-hosted', 'Windows', 'X64' 
Enter any additional labels (ex. label-1,label-2): 
[2026-07-21 11:23:51Z INFO Terminal] WRITE: [press Enter to skip] 
[2026-07-21 11:23:51Z INFO Terminal] READ LINE
[2026-07-21 11:24:00Z INFO Terminal] Read value: ''
[2026-07-21 11:24:00Z INFO Terminal] WRITE LINE: 
[2026-07-21 11:24:00Z INFO CommandSettings] Flag 'disableupdate': 'False'
[2026-07-21 11:24:00Z INFO CommandSettings] Flag 'no-default-labels': 'False'
[2026-07-21 11:24:01Z INFO CommandSettings] Flag 'disableupdate': 'False'
[2026-07-21 11:24:01Z INFO CommandSettings] Flag 'ephemeral': 'False'
[2026-07-21 11:24:01Z INFO ConfigurationStore] Saving OAuth credential @ E:\starwords\actions-runner\.credentials
[2026-07-21 11:24:01Z INFO ConfigurationStore] Credentials Saved.
[2026-07-21 11:24:01Z INFO ConfigurationManager] Service enforced serverUrlV2: https://broker.actions.githubusercontent.com/
[2026-07-21 11:24:01Z INFO ConfigurationManager] Service enforced useV2Flow: True
[2026-07-21 11:24:01Z INFO CommandSettings] Arg 'work': ''
[2026-07-21 11:24:01Z INFO CommandSettings] Flag 'unattended': 'False'
[2026-07-21 11:24:01Z INFO PromptManager] ReadValue
[2026-07-21 11:24:01Z INFO Terminal] WRITE: Enter name of work folder: 
[2026-07-21 11:24:01Z INFO Terminal] WRITE: [press Enter for _work] 
[2026-07-21 11:24:01Z INFO Terminal] READ LINE
[2026-07-21 11:24:14Z INFO Terminal] Read value: ''
[2026-07-21 11:24:14Z INFO PromptManager] Falling back to the default: '_work'
[2026-07-21 11:24:14Z INFO ConfigurationStore] Saving runner settings.
[2026-07-21 11:24:14Z INFO ConfigurationStore] Settings Saved.
[2026-07-21 11:24:14Z INFO Terminal] WRITE LINE: 
[2026-07-21 11:24:14Z INFO Terminal] WRITE LINE: 
[2026-07-21 11:24:14Z INFO CommandSettings] Flag 'runasservice': 'False'
[2026-07-21 11:24:14Z INFO CommandSettings] Flag 'unattended': 'False'
[2026-07-21 11:24:14Z INFO PromptManager] ReadValue
[2026-07-21 11:24:14Z INFO Terminal] WRITE: Would you like to run the runner as service? (Y/N) 
[2026-07-21 11:24:14Z INFO Terminal] WRITE: [press Enter for N] 
[2026-07-21 11:24:14Z INFO Terminal] READ LINE
[2026-07-21 11:24:23Z INFO Terminal] Read value: 'y'
[2026-07-21 11:24:23Z INFO ConfigurationManager] Configuring to run the agent as service
[2026-07-21 11:24:23Z INFO CommandSettings] Arg 'windowslogonaccount': ''
[2026-07-21 11:24:23Z INFO CommandSettings] Flag 'unattended': 'False'
[2026-07-21 11:24:23Z INFO PromptManager] ReadValue
[2026-07-21 11:24:23Z INFO Terminal] WRITE: User account to use for the service 
[2026-07-21 11:24:23Z INFO Terminal] WRITE: [press Enter for NT AUTHORITY\NETWORK SERVICE] 
[2026-07-21 11:24:23Z INFO Terminal] READ LINE
[2026-07-21 11:24:35Z INFO Terminal] Read value: ''
[2026-07-21 11:24:35Z INFO PromptManager] Falling back to the default: 'NT AUTHORITY\NETWORK SERVICE'
[2026-07-21 11:24:35Z INFO WindowsServiceControlManager] LogonAccount after transforming: NT AUTHORITY\NETWORK SERVICE, user: NETWORK SERVICE, domain: NT AUTHORITY
[2026-07-21 11:24:35Z INFO WindowsServiceControlManager] Service name 'actions.runner.lkwon01-starwords.starwords-vm-runner' display name 'GitHub Actions Runner (lkwon01-starwords.starwords-vm-runner)' will be used for service configuration.
[2026-07-21 11:24:35Z INFO WindowsServiceControlManager] Verifying if the account has LogonAsService permission
[2026-07-21 11:24:35Z INFO WindowsServiceControlManager] Account: NT AUTHORITY\NETWORK SERVICE already has Logon As Service Privilege.
[2026-07-21 11:24:35Z INFO WindowsServiceControlManager] Create local group and grant folder permission to service logon account.
[2026-07-21 11:24:35Z INFO HostContext] Well known directory 'Bin': 'E:\starwords\actions-runner\bin'
[2026-07-21 11:24:35Z INFO HostContext] Well known directory 'Root': 'E:\starwords\actions-runner'
[2026-07-21 11:24:35Z INFO ConfigurationStore] Read setting file: 401 chars
[2026-07-21 11:24:35Z INFO HostContext] Well known directory 'Bin': 'E:\starwords\actions-runner\bin'
[2026-07-21 11:24:35Z INFO HostContext] Well known directory 'Root': 'E:\starwords\actions-runner'
[2026-07-21 11:24:35Z INFO HostContext] Well known directory 'Work': 'E:\starwords\actions-runner\_work'
[2026-07-21 11:24:35Z INFO HostContext] Well known directory 'Bin': 'E:\starwords\actions-runner\bin'
[2026-07-21 11:24:35Z INFO NativeWindowsServiceHelper] Calculated unique group name GITHUB_ActionsRunner_G2f463
[2026-07-21 11:24:36Z INFO NativeWindowsServiceHelper] Trying to create group GITHUB_ActionsRunner_G2f463
[2026-07-21 11:24:36Z INFO NativeWindowsServiceHelper] Local Group 'GITHUB_ActionsRunner_G2f463' created
[2026-07-21 11:24:36Z INFO NativeWindowsServiceHelper] Trying to add userName NT AUTHORITY\NETWORK SERVICE to the group GITHUB_ActionsRunner_G2f463
[2026-07-21 11:24:36Z INFO NativeWindowsServiceHelper] Account 'NT AUTHORITY\NETWORK SERVICE' is added to local group 'GITHUB_ActionsRunner_G2f463'.
[2026-07-21 11:24:36Z INFO NativeWindowsServiceHelper] Set full access control to group for the folder E:\starwords\actions-runner
[2026-07-21 11:24:36Z INFO NativeWindowsServiceHelper] Set full access control to group for the folder E:\starwords\actions-runner\_work
[2026-07-21 11:24:36Z INFO NativeWindowsServiceHelper] Local group 'GITHUB_ActionsRunner_G2f463' already has full control to path 'E:\starwords\actions-runner\_work'.
[2026-07-21 11:24:36Z INFO Terminal] WRITE LINE: Granting file permissions to 'NT AUTHORITY\NETWORK SERVICE'.
[2026-07-21 11:24:36Z INFO HostContext] Well known directory 'Bin': 'E:\starwords\actions-runner\bin'
[2026-07-21 11:24:36Z INFO ProcessInvokerWrapper] Starting process:
[2026-07-21 11:24:36Z INFO ProcessInvokerWrapper]   File name: '"E:\starwords\actions-runner\bin\RunnerService.exe"'
[2026-07-21 11:24:36Z INFO ProcessInvokerWrapper]   Arguments: 'init'
[2026-07-21 11:24:36Z INFO ProcessInvokerWrapper]   Working directory: ''
[2026-07-21 11:24:36Z INFO ProcessInvokerWrapper]   Require exit code zero: 'True'
[2026-07-21 11:24:36Z INFO ProcessInvokerWrapper]   Encoding web name:  ; code page: ''
[2026-07-21 11:24:36Z INFO ProcessInvokerWrapper]   Force kill process on cancellation: 'False'
[2026-07-21 11:24:36Z INFO ProcessInvokerWrapper]   Redirected STDIN: 'False'
[2026-07-21 11:24:36Z INFO ProcessInvokerWrapper]   Persist current code page: 'False'
[2026-07-21 11:24:36Z INFO ProcessInvokerWrapper]   Keep redirected STDIN open: 'False'
[2026-07-21 11:24:36Z INFO ProcessInvokerWrapper]   High priority process: 'False'
[2026-07-21 11:24:36Z INFO ProcessInvokerWrapper] Process started with process id 5416, waiting for process exit.
[2026-07-21 11:24:36Z INFO ProcessInvokerWrapper] STDOUT/STDERR stream read finished.
[2026-07-21 11:24:36Z INFO ProcessInvokerWrapper] STDOUT/STDERR stream read finished.
[2026-07-21 11:24:36Z INFO ProcessInvokerWrapper] Finished process 5416 with exit code 0, and elapsed time 00:00:00.2573479.
[2026-07-21 11:24:36Z INFO Terminal] WRITE LINE: Service actions.runner.lkwon01-starwords.starwords-vm-runner successfully installed
[2026-07-21 11:24:36Z INFO Terminal] WRITE LINE: Service actions.runner.lkwon01-starwords.starwords-vm-runner successfully set recovery option
[2026-07-21 11:24:36Z INFO Terminal] WRITE LINE: Service actions.runner.lkwon01-starwords.starwords-vm-runner successfully set to delayed auto start
[2026-07-21 11:24:36Z INFO Terminal] WRITE LINE: Service actions.runner.lkwon01-starwords.starwords-vm-runner successfully configured
[2026-07-21 11:24:36Z INFO HostContext] Well known directory 'Bin': 'E:\starwords\actions-runner\bin'
[2026-07-21 11:24:36Z INFO HostContext] Well known directory 'Root': 'E:\starwords\actions-runner'
[2026-07-21 11:24:36Z INFO HostContext] Well known config file 'Service': 'E:\starwords\actions-runner\.service'
[2026-07-21 11:24:36Z INFO WindowsServiceControlManager] Configuration was successful, trying to start the service
[2026-07-21 11:24:36Z INFO Terminal] WRITE LINE: Waiting for service to start...
[2026-07-21 11:24:36Z INFO Terminal] WRITE LINE: Service actions.runner.lkwon01-starwords.starwords-vm-runner started successfully
[2026-07-21 11:24:36Z INFO Listener] Runner execution has finished with return code 0
