[2026-07-21 11:25:09Z INFO HostContext] No proxy settings were found based on environmental variables (http_proxy/https_proxy/HTTP_PROXY/HTTPS_PROXY)
[2026-07-21 11:25:09Z INFO HostContext] Well known directory 'Bin': 'E:\starwords\actions-runner\bin'
[2026-07-21 11:25:09Z INFO HostContext] Well known directory 'Root': 'E:\starwords\actions-runner'
[2026-07-21 11:25:09Z INFO HostContext] Well known config file 'Credentials': 'E:\starwords\actions-runner\.credentials'
[2026-07-21 11:25:09Z INFO HostContext] Well known directory 'Bin': 'E:\starwords\actions-runner\bin'
[2026-07-21 11:25:09Z INFO HostContext] Well known directory 'Root': 'E:\starwords\actions-runner'
[2026-07-21 11:25:09Z INFO HostContext] Well known config file 'Runner': 'E:\starwords\actions-runner\.runner'
[2026-07-21 11:25:09Z INFO Listener] Runner is built for Windows (X64) - win-x64.
[2026-07-21 11:25:09Z INFO Listener] RuntimeInformation: Microsoft Windows 10.0.20348.
[2026-07-21 11:25:09Z INFO Listener] Version: 2.335.1
[2026-07-21 11:25:09Z INFO Listener] Commit: 7d737449ef346f6524f75688d0c9c95fa10ba10a
[2026-07-21 11:25:09Z INFO Listener] Culture: en-US
[2026-07-21 11:25:09Z INFO Listener] UI Culture: en-US
[2026-07-21 11:25:09Z INFO HostContext] Well known directory 'Bin': 'E:\starwords\actions-runner\bin'
[2026-07-21 11:25:09Z INFO HostContext] Well known directory 'Root': 'E:\starwords\actions-runner'
[2026-07-21 11:25:09Z INFO Listener] Validating directory permissions for: 'E:\starwords\actions-runner'
[2026-07-21 11:25:09Z INFO CommandLineParser] Parse
[2026-07-21 11:25:09Z INFO CommandLineParser] Parsing 1 args
[2026-07-21 11:25:09Z INFO CommandLineParser] parsing argument
[2026-07-21 11:25:09Z INFO CommandLineParser] HasArgs: False
[2026-07-21 11:25:09Z INFO CommandLineParser] Adding Command: run
[2026-07-21 11:25:09Z INFO Listener] Arguments parsed
[2026-07-21 11:25:09Z INFO Runner] ExecuteCommand
[2026-07-21 11:25:09Z INFO ConfigurationStore] currentAssemblyLocation: E:\starwords\actions-runner\bin\Runner.Listener.dll
[2026-07-21 11:25:09Z INFO HostContext] Well known directory 'Bin': 'E:\starwords\actions-runner\bin'
[2026-07-21 11:25:09Z INFO ConfigurationStore] binPath: E:\starwords\actions-runner\bin
[2026-07-21 11:25:09Z INFO HostContext] Well known directory 'Bin': 'E:\starwords\actions-runner\bin'
[2026-07-21 11:25:09Z INFO HostContext] Well known directory 'Root': 'E:\starwords\actions-runner'
[2026-07-21 11:25:09Z INFO ConfigurationStore] RootFolder: E:\starwords\actions-runner
[2026-07-21 11:25:09Z INFO HostContext] Well known directory 'Bin': 'E:\starwords\actions-runner\bin'
[2026-07-21 11:25:09Z INFO HostContext] Well known directory 'Root': 'E:\starwords\actions-runner'
[2026-07-21 11:25:09Z INFO HostContext] Well known config file 'Runner': 'E:\starwords\actions-runner\.runner'
[2026-07-21 11:25:09Z INFO ConfigurationStore] ConfigFilePath: E:\starwords\actions-runner\.runner
[2026-07-21 11:25:09Z INFO HostContext] Well known directory 'Bin': 'E:\starwords\actions-runner\bin'
[2026-07-21 11:25:09Z INFO HostContext] Well known directory 'Root': 'E:\starwords\actions-runner'
[2026-07-21 11:25:09Z INFO HostContext] Well known config file 'MigratedRunner': 'E:\starwords\actions-runner\.runner_migrated'
[2026-07-21 11:25:09Z INFO ConfigurationStore] MigratedConfigFilePath: E:\starwords\actions-runner\.runner_migrated
[2026-07-21 11:25:09Z INFO HostContext] Well known directory 'Bin': 'E:\starwords\actions-runner\bin'
[2026-07-21 11:25:09Z INFO HostContext] Well known directory 'Root': 'E:\starwords\actions-runner'
[2026-07-21 11:25:09Z INFO HostContext] Well known config file 'Credentials': 'E:\starwords\actions-runner\.credentials'
[2026-07-21 11:25:09Z INFO ConfigurationStore] CredFilePath: E:\starwords\actions-runner\.credentials
[2026-07-21 11:25:09Z INFO HostContext] Well known directory 'Bin': 'E:\starwords\actions-runner\bin'
[2026-07-21 11:25:09Z INFO HostContext] Well known directory 'Root': 'E:\starwords\actions-runner'
[2026-07-21 11:25:09Z INFO HostContext] Well known config file 'MigratedCredentials': 'E:\starwords\actions-runner\.credentials_migrated'
[2026-07-21 11:25:09Z INFO ConfigurationStore] MigratedCredFilePath: E:\starwords\actions-runner\.credentials_migrated
[2026-07-21 11:25:09Z INFO HostContext] Well known directory 'Bin': 'E:\starwords\actions-runner\bin'
[2026-07-21 11:25:09Z INFO HostContext] Well known directory 'Root': 'E:\starwords\actions-runner'
[2026-07-21 11:25:09Z INFO HostContext] Well known config file 'Service': 'E:\starwords\actions-runner\.service'
[2026-07-21 11:25:09Z INFO ConfigurationStore] ServiceConfigFilePath: E:\starwords\actions-runner\.service
[2026-07-21 11:25:09Z INFO CommandSettings] Flag 'help': 'False'
[2026-07-21 11:25:09Z INFO CommandSettings] Flag 'version': 'False'
[2026-07-21 11:25:09Z INFO CommandSettings] Flag 'commit': 'False'
[2026-07-21 11:25:09Z INFO CommandSettings] Flag 'check': 'False'
[2026-07-21 11:25:09Z INFO CommandSettings] Command 'configure': 'False'
[2026-07-21 11:25:09Z INFO CommandSettings] Command 'remove': 'False'
[2026-07-21 11:25:09Z INFO CommandSettings] Command 'warmup': 'False'
[2026-07-21 11:25:09Z INFO ConfigurationManager] LoadSettings
[2026-07-21 11:25:09Z INFO ConfigurationStore] IsConfigured()
[2026-07-21 11:25:09Z INFO ConfigurationStore] IsConfigured: True
[2026-07-21 11:25:09Z INFO ConfigurationManager] Is configured: True
[2026-07-21 11:25:09Z INFO ConfigurationStore] Read setting file: 401 chars
[2026-07-21 11:25:09Z INFO ConfigurationManager] Settings Loaded
[2026-07-21 11:25:09Z INFO ConfigurationStore] IsServiceConfigured()
[2026-07-21 11:25:09Z INFO ConfigurationStore] IsServiceConfigured: True
[2026-07-21 11:25:09Z INFO CommandSettings] Command 'run': 'True'
[2026-07-21 11:25:09Z INFO ConfigurationStore] IsConfigured()
[2026-07-21 11:25:09Z INFO ConfigurationStore] IsConfigured: True
[2026-07-21 11:25:09Z INFO ConfigurationManager] Is configured: True
[2026-07-21 11:25:09Z INFO Runner] Try determine runner startup type base on console redirects.
[2026-07-21 11:25:09Z INFO Runner] Set runner startup type - Manual
[2026-07-21 11:25:09Z INFO CommandSettings] Flag 'once': 'False'
[2026-07-21 11:25:09Z INFO CommandSettings] Flag 'once': 'False'
[2026-07-21 11:25:09Z INFO Runner] RunAsync
[2026-07-21 11:25:09Z INFO HostContext] Well known directory 'Bin': 'E:\starwords\actions-runner\bin'
[2026-07-21 11:25:09Z INFO HostContext] Well known directory 'Root': 'E:\starwords\actions-runner'
[2026-07-21 11:25:09Z INFO HostContext] Well known directory 'Work': 'E:\starwords\actions-runner\_work'
[2026-07-21 11:25:09Z INFO Runner] Validating directory permissions for: 'E:\starwords\actions-runner\_work'
[2026-07-21 11:25:09Z INFO ConfigurationManager] LoadMigratedSettings
[2026-07-21 11:25:09Z INFO ConfigurationStore] IsMigratedConfigured()
[2026-07-21 11:25:09Z INFO ConfigurationStore] IsMigratedConfigured: False
[2026-07-21 11:25:09Z INFO Runner] Failed to load migrated settings: No migrated configuration found.
[2026-07-21 11:25:09Z INFO Runner] Falling back to original .runner settings
[2026-07-21 11:25:09Z INFO Runner] Using BrokerMessageListener
[2026-07-21 11:25:09Z INFO BrokerMessageListener] Using provided settings
[2026-07-21 11:25:09Z INFO BrokerMessageListener] {
  "AgentId": 21,
  "AgentName": "starwords-vm-runner",
  "PoolId": 1,
  "PoolName": "Default",
  "ServerUrl": "https://pipelinesghubeus10.actions.githubusercontent.com/8HfYla4KCkgVTfvGJEvBdqSx8JmH2pGveTQXuJrMI0q8YIyOcA/",
  "GitHubUrl": "https://github.com/lkwon01/starwords",
  "WorkFolder": "_work",
  "UseV2Flow": true,
  "ServerUrlV2": "https://broker.actions.githubusercontent.com/"
}
[2026-07-21 11:25:09Z INFO BrokerMessageListener] Loading Credentials
[2026-07-21 11:25:09Z INFO ConfigurationStore] HasCredentials()
[2026-07-21 11:25:09Z INFO ConfigurationStore] stored True
[2026-07-21 11:25:09Z INFO CredentialManager] GetCredentialProvider
[2026-07-21 11:25:09Z INFO CredentialManager] Creating type OAuth
[2026-07-21 11:25:09Z INFO CredentialManager] Creating credential type: OAuth
[2026-07-21 11:25:09Z INFO HostContext] Well known directory 'Bin': 'E:\starwords\actions-runner\bin'
[2026-07-21 11:25:09Z INFO HostContext] Well known directory 'Root': 'E:\starwords\actions-runner'
[2026-07-21 11:25:09Z INFO HostContext] Well known config file 'RSACredentials': 'E:\starwords\actions-runner\.credentials_rsaparams'
[2026-07-21 11:25:09Z INFO RSAEncryptedFileKeyManager] Loading RSA key parameters from file E:\starwords\actions-runner\.credentials_rsaparams
[2026-07-21 11:25:09Z INFO BrokerMessageListener] Attempt to create session.
[2026-07-21 11:25:09Z INFO BrokerMessageListener] Connecting to the Broker Server...
[2026-07-21 11:25:09Z INFO ConfigurationStore] HasCredentials()
[2026-07-21 11:25:09Z INFO ConfigurationStore] stored True
[2026-07-21 11:25:09Z INFO CredentialManager] GetCredentialProvider
[2026-07-21 11:25:09Z INFO CredentialManager] Creating type OAuth
[2026-07-21 11:25:09Z INFO CredentialManager] Creating credential type: OAuth
[2026-07-21 11:25:09Z INFO RSAEncryptedFileKeyManager] Loading RSA key parameters from file E:\starwords\actions-runner\.credentials_rsaparams
[2026-07-21 11:25:09Z INFO BrokerMessageListener] VssConnection created
[2026-07-21 11:25:09Z INFO BrokerMessageListener] Connecting to the Runner server...
[2026-07-21 11:25:09Z INFO RunnerServer] EstablishVssConnection
[2026-07-21 11:25:09Z INFO RunnerServer] Establish connection with 100 seconds timeout.
[2026-07-21 11:25:09Z INFO GitHubActionsService] Starting operation Location.GetConnectionData
[2026-07-21 11:25:09Z INFO RunnerServer] EstablishVssConnection
[2026-07-21 11:25:09Z INFO RunnerServer] Establish connection with 60 seconds timeout.
[2026-07-21 11:25:09Z INFO GitHubActionsService] Starting operation Location.GetConnectionData
[2026-07-21 11:25:09Z INFO RunnerServer] EstablishVssConnection
[2026-07-21 11:25:09Z INFO RunnerServer] Establish connection with 60 seconds timeout.
[2026-07-21 11:25:09Z INFO GitHubActionsService] Starting operation Location.GetConnectionData
[2026-07-21 11:25:10Z INFO GitHubActionsService] Finished operation Location.GetConnectionData
[2026-07-21 11:25:10Z INFO GitHubActionsService] Finished operation Location.GetConnectionData
[2026-07-21 11:25:10Z INFO GitHubActionsService] Finished operation Location.GetConnectionData
[2026-07-21 11:25:10Z INFO BrokerMessageListener] VssConnection created
[2026-07-21 11:25:10Z INFO Terminal] WRITE LINE: 
[2026-07-21 11:25:10Z INFO Terminal] WRITE LINE: 
[2026-07-21 11:25:10Z INFO RSAEncryptedFileKeyManager] Loading RSA key parameters from file E:\starwords\actions-runner\.credentials_rsaparams
[2026-07-21 11:25:10Z INFO RSAEncryptedFileKeyManager] Loading RSA key parameters from file E:\starwords\actions-runner\.credentials_rsaparams
[2026-07-21 11:25:10Z INFO GitHubActionsService] AAD Correlation ID for this token request: Unknown
[2026-07-21 11:25:10Z ERR  GitHubActionsService] POST request to https://broker.actions.githubusercontent.com/session failed. HTTP Status: Conflict
[2026-07-21 11:25:10Z ERR  BrokerMessageListener] Catch exception during create session.
[2026-07-21 11:25:10Z ERR  BrokerMessageListener] GitHub.DistributedTask.WebApi.TaskAgentSessionConflictException: Error: Conflict
   at GitHub.Actions.RunService.WebApi.BrokerHttpClient.CreateSessionAsync(TaskAgentSession session, CancellationToken cancellationToken)
   at GitHub.Runner.Common.BrokerServer.CreateSessionAsync(TaskAgentSession session, CancellationToken cancellationToken)
   at GitHub.Runner.Listener.BrokerMessageListener.CreateSessionAsync(CancellationToken token)
[2026-07-21 11:25:10Z INFO BrokerMessageListener] The session for this runner already exists.
[2026-07-21 11:25:10Z ERR  Terminal] WRITE ERROR: A session for this runner already exists.
[2026-07-21 11:25:10Z INFO BrokerMessageListener] The session conflict exception haven't reached retry limit.
[2026-07-21 11:25:10Z ERR  Terminal] WRITE ERROR: 2026-07-21 11:25:10Z: Runner connect error: Error: Conflict. Retrying until reconnected.
[2026-07-21 11:25:10Z INFO BrokerMessageListener] Sleeping for 30 seconds before retrying.
[2026-07-21 11:25:40Z INFO BrokerMessageListener] Attempt to create session.
[2026-07-21 11:25:40Z INFO BrokerMessageListener] Connecting to the Broker Server...
[2026-07-21 11:25:40Z INFO ConfigurationStore] HasCredentials()
[2026-07-21 11:25:40Z INFO ConfigurationStore] stored True
[2026-07-21 11:25:40Z INFO CredentialManager] GetCredentialProvider
[2026-07-21 11:25:40Z INFO CredentialManager] Creating type OAuth
[2026-07-21 11:25:40Z INFO CredentialManager] Creating credential type: OAuth
[2026-07-21 11:25:40Z INFO RSAEncryptedFileKeyManager] Loading RSA key parameters from file E:\starwords\actions-runner\.credentials_rsaparams
[2026-07-21 11:25:40Z INFO BrokerMessageListener] VssConnection created
[2026-07-21 11:25:40Z INFO BrokerMessageListener] Connecting to the Runner server...
[2026-07-21 11:25:40Z INFO RunnerServer] EstablishVssConnection
[2026-07-21 11:25:40Z INFO RunnerServer] Establish connection with 100 seconds timeout.
[2026-07-21 11:25:40Z INFO GitHubActionsService] Starting operation Location.GetConnectionData
[2026-07-21 11:25:40Z INFO RunnerServer] EstablishVssConnection
[2026-07-21 11:25:40Z INFO RunnerServer] Establish connection with 60 seconds timeout.
[2026-07-21 11:25:41Z INFO GitHubActionsService] Starting operation Location.GetConnectionData
[2026-07-21 11:25:41Z INFO RunnerServer] EstablishVssConnection
[2026-07-21 11:25:41Z INFO RunnerServer] Establish connection with 60 seconds timeout.
[2026-07-21 11:25:41Z INFO GitHubActionsService] Starting operation Location.GetConnectionData
[2026-07-21 11:25:41Z INFO GitHubActionsService] Finished operation Location.GetConnectionData
[2026-07-21 11:25:41Z INFO GitHubActionsService] Finished operation Location.GetConnectionData
[2026-07-21 11:25:41Z INFO GitHubActionsService] Finished operation Location.GetConnectionData
[2026-07-21 11:25:41Z INFO BrokerMessageListener] VssConnection created
[2026-07-21 11:25:41Z INFO Terminal] WRITE LINE: 
[2026-07-21 11:25:41Z INFO Terminal] WRITE LINE: 
[2026-07-21 11:25:41Z INFO RSAEncryptedFileKeyManager] Loading RSA key parameters from file E:\starwords\actions-runner\.credentials_rsaparams
[2026-07-21 11:25:41Z INFO RSAEncryptedFileKeyManager] Loading RSA key parameters from file E:\starwords\actions-runner\.credentials_rsaparams
[2026-07-21 11:25:41Z INFO GitHubActionsService] AAD Correlation ID for this token request: Unknown
[2026-07-21 11:25:41Z ERR  GitHubActionsService] POST request to https://broker.actions.githubusercontent.com/session failed. HTTP Status: Conflict
[2026-07-21 11:25:41Z ERR  BrokerMessageListener] Catch exception during create session.
[2026-07-21 11:25:41Z ERR  BrokerMessageListener] GitHub.DistributedTask.WebApi.TaskAgentSessionConflictException: Error: Conflict
   at GitHub.Actions.RunService.WebApi.BrokerHttpClient.CreateSessionAsync(TaskAgentSession session, CancellationToken cancellationToken)
   at GitHub.Runner.Common.BrokerServer.CreateSessionAsync(TaskAgentSession session, CancellationToken cancellationToken)
   at GitHub.Runner.Listener.BrokerMessageListener.CreateSessionAsync(CancellationToken token)
[2026-07-21 11:25:41Z INFO BrokerMessageListener] The session for this runner already exists.
[2026-07-21 11:25:41Z ERR  Terminal] WRITE ERROR: A session for this runner already exists.
[2026-07-21 11:25:41Z INFO BrokerMessageListener] The session conflict exception haven't reached retry limit.
[2026-07-21 11:25:41Z INFO BrokerMessageListener] Sleeping for 30 seconds before retrying.
[2026-07-21 11:25:52Z INFO Terminal] WRITE LINE: Exiting...
[2026-07-21 11:25:52Z INFO ConfigurationStore] IsServiceConfigured()
[2026-07-21 11:25:52Z INFO ConfigurationStore] IsServiceConfigured: True
[2026-07-21 11:25:52Z INFO Runner] Received Ctrl-C signal, stop Runner.Listener and Runner.Worker.
[2026-07-21 11:25:52Z INFO HostContext] Runner will be shutdown for UserCancelled
[2026-07-21 11:25:52Z INFO Listener] Runner execution been cancelled.
